<?xml version="1.0" encoding="UTF-8"?>
<testsuites name="jest tests" tests="3" failures="0" errors="0" time="0.725">
  <testsuite name="post short-link preparation" errors="0" failures="0" skipped="0" timestamp="2026-09-07T17:07:38" time="0.397" tests="3">
    <testcase classname="post short-link preparation collects ordinary Notion hyperlinks and Bookmark URLs once" name="post short-link preparation collects ordinary Notion hyperlinks and Bookmark URLs once" time="0.008">
    </testcase>
    <testcase classname="post short-link preparation rewrites ordinary links while preserving a Bookmark URL for display" name="post short-link preparation rewrites ordinary links while preserving a Bookmark URL for display" time="0.002">
    </testcase>
    <testcase classname="post short-link preparation excludes Notion attachments from short-link creation" name="post short-link preparation excludes Notion attachments from short-link creation" time="0.002">
    </testcase>
  </testsuite>
</testsuites>